MPLINK 5.08, LINKER
Linker Map File - Created Mon Mar 24 00:10:15 2025

                                 Section Info
                  Section       Type    Address   Location Size(Bytes)
                ---------  ---------  ---------  ---------  ---------
                   .org_0       code   0x000000    program   0x0000e8
                   .cinit    romdata   0x0000e8    program   0x000002



                              Program Memory Usage 
                               Start         End      
                           ---------   ---------      
                            0x000000    0x0000e9      
            234 out of 33048 program addresses used, program memory utilization is 0%



                              Symbols - Sorted by Name
                     Name    Address   Location    Storage File                     
                ---------  ---------  ---------  --------- ---------                
                 AMARILLO   0x0000d4    program     static C:\Users\shans\MPLABXProjects\Comp.X\comp.asm
                   APAGAR   0x0000e0    program     static C:\Users\shans\MPLABXProjects\Comp.X\comp.asm
                     AZUL   0x0000da    program     static C:\Users\shans\MPLABXProjects\Comp.X\comp.asm
                  CATORCE   0x0000bc    program     static C:\Users\shans\MPLABXProjects\Comp.X\comp.asm
                    CINCO   0x000050    program     static C:\Users\shans\MPLABXProjects\Comp.X\comp.asm
                   CUATRO   0x000044    program     static C:\Users\shans\MPLABXProjects\Comp.X\comp.asm
                     DIEZ   0x00008c    program     static C:\Users\shans\MPLABXProjects\Comp.X\comp.asm
                     DOCE   0x0000a4    program     static C:\Users\shans\MPLABXProjects\Comp.X\comp.asm
                      DOS   0x00002c    program     static C:\Users\shans\MPLABXProjects\Comp.X\comp.asm
                   INICIO   0x000010    program     static C:\Users\shans\MPLABXProjects\Comp.X\comp.asm
                    NUEVE   0x000080    program     static C:\Users\shans\MPLABXProjects\Comp.X\comp.asm
                     OCHO   0x000074    program     static C:\Users\shans\MPLABXProjects\Comp.X\comp.asm
                     ONCE   0x000098    program     static C:\Users\shans\MPLABXProjects\Comp.X\comp.asm
                   QUINCE   0x0000c8    program     static C:\Users\shans\MPLABXProjects\Comp.X\comp.asm
                     SEIS   0x00005c    program     static C:\Users\shans\MPLABXProjects\Comp.X\comp.asm
                    SIETE   0x000068    program     static C:\Users\shans\MPLABXProjects\Comp.X\comp.asm
                    TRECE   0x0000b0    program     static C:\Users\shans\MPLABXProjects\Comp.X\comp.asm
                     TRES   0x000038    program     static C:\Users\shans\MPLABXProjects\Comp.X\comp.asm
                      UNO   0x000020    program     static C:\Users\shans\MPLABXProjects\Comp.X\comp.asm



                              Symbols - Sorted by Address
                     Name    Address   Location    Storage File                     
                ---------  ---------  ---------  --------- ---------                
                   INICIO   0x000010    program     static C:\Users\shans\MPLABXProjects\Comp.X\comp.asm
                      UNO   0x000020    program     static C:\Users\shans\MPLABXProjects\Comp.X\comp.asm
                      DOS   0x00002c    program     static C:\Users\shans\MPLABXProjects\Comp.X\comp.asm
                     TRES   0x000038    program     static C:\Users\shans\MPLABXProjects\Comp.X\comp.asm
                   CUATRO   0x000044    program     static C:\Users\shans\MPLABXProjects\Comp.X\comp.asm
                    CINCO   0x000050    program     static C:\Users\shans\MPLABXProjects\Comp.X\comp.asm
                     SEIS   0x00005c    program     static C:\Users\shans\MPLABXProjects\Comp.X\comp.asm
                    SIETE   0x000068    program     static C:\Users\shans\MPLABXProjects\Comp.X\comp.asm
                     OCHO   0x000074    program     static C:\Users\shans\MPLABXProjects\Comp.X\comp.asm
                    NUEVE   0x000080    program     static C:\Users\shans\MPLABXProjects\Comp.X\comp.asm
                     DIEZ   0x00008c    program     static C:\Users\shans\MPLABXProjects\Comp.X\comp.asm
                     ONCE   0x000098    program     static C:\Users\shans\MPLABXProjects\Comp.X\comp.asm
                     DOCE   0x0000a4    program     static C:\Users\shans\MPLABXProjects\Comp.X\comp.asm
                    TRECE   0x0000b0    program     static C:\Users\shans\MPLABXProjects\Comp.X\comp.asm
                  CATORCE   0x0000bc    program     static C:\Users\shans\MPLABXProjects\Comp.X\comp.asm
                   QUINCE   0x0000c8    program     static C:\Users\shans\MPLABXProjects\Comp.X\comp.asm
                 AMARILLO   0x0000d4    program     static C:\Users\shans\MPLABXProjects\Comp.X\comp.asm
                     AZUL   0x0000da    program     static C:\Users\shans\MPLABXProjects\Comp.X\comp.asm
                   APAGAR   0x0000e0    program     static C:\Users\shans\MPLABXProjects\Comp.X\comp.asm


