MPLINK 5.08, LINKER
Linker Map File - Created Fri Mar 21 23:26:41 2025

                                 Section Info
                  Section       Type    Address   Location Size(Bytes)
                ---------  ---------  ---------  ---------  ---------
                   .org_0       code   0x000000    program   0x000092
                   .cinit    romdata   0x000092    program   0x000002



                              Program Memory Usage 
                               Start         End      
                           ---------   ---------      
                            0x000000    0x000093      
            148 out of 33048 program addresses used, program memory utilization is 0%



                              Symbols - Sorted by Name
                     Name    Address   Location    Storage File                     
                ---------  ---------  ---------  --------- ---------                
                   APAGAR   0x00008a    program     static C:\Users\shans\MPLABXProjects\Practica2.X\Practica2.asm
                    CINCO   0x00007e    program     static C:\Users\shans\MPLABXProjects\Practica2.X\Practica2.asm
                   CUATRO   0x00006c    program     static C:\Users\shans\MPLABXProjects\Practica2.X\Practica2.asm
                      DOS   0x00004c    program     static C:\Users\shans\MPLABXProjects\Practica2.X\Practica2.asm
                   INICIO   0x000018    program     static C:\Users\shans\MPLABXProjects\Practica2.X\Practica2.asm
                     TRES   0x00005e    program     static C:\Users\shans\MPLABXProjects\Practica2.X\Practica2.asm
                      UNO   0x000032    program     static C:\Users\shans\MPLABXProjects\Practica2.X\Practica2.asm



                              Symbols - Sorted by Address
                     Name    Address   Location    Storage File                     
                ---------  ---------  ---------  --------- ---------                
                   INICIO   0x000018    program     static C:\Users\shans\MPLABXProjects\Practica2.X\Practica2.asm
                      UNO   0x000032    program     static C:\Users\shans\MPLABXProjects\Practica2.X\Practica2.asm
                      DOS   0x00004c    program     static C:\Users\shans\MPLABXProjects\Practica2.X\Practica2.asm
                     TRES   0x00005e    program     static C:\Users\shans\MPLABXProjects\Practica2.X\Practica2.asm
                   CUATRO   0x00006c    program     static C:\Users\shans\MPLABXProjects\Practica2.X\Practica2.asm
                    CINCO   0x00007e    program     static C:\Users\shans\MPLABXProjects\Practica2.X\Practica2.asm
                   APAGAR   0x00008a    program     static C:\Users\shans\MPLABXProjects\Practica2.X\Practica2.asm


