MPLINK 5.09, LINKER
Linker Map File - Created Fri Jun 13 10:56:43 2025

                                 Section Info
                  Section       Type    Address   Location Size(Bytes)
                ---------  ---------  ---------  ---------  ---------
                   .org_0       code   0x000000    program   0x0000ec
                   .cinit    romdata   0x0000ec    program   0x000002
.config_300000_BUILD/DEFAULT/PRODUCTION/BOTON_4    romdata   0x300000    program   0x000001
.config_300001_BUILD/DEFAULT/PRODUCTION/BOTON_4    romdata   0x300001    program   0x000001
.config_300002_BUILD/DEFAULT/PRODUCTION/BOTON_4    romdata   0x300002    program   0x000001
.config_300003_BUILD/DEFAULT/PRODUCTION/BOTON_4    romdata   0x300003    program   0x000001
.config_300005_BUILD/DEFAULT/PRODUCTION/BOTON_4    romdata   0x300005    program   0x000001
.config_300006_BUILD/DEFAULT/PRODUCTION/BOTON_4    romdata   0x300006    program   0x000001
.config_300008_BUILD/DEFAULT/PRODUCTION/BOTON_4    romdata   0x300008    program   0x000001
.config_300009_BUILD/DEFAULT/PRODUCTION/BOTON_4    romdata   0x300009    program   0x000001
.config_30000A_BUILD/DEFAULT/PRODUCTION/BOTON_4    romdata   0x30000a    program   0x000001
.config_30000B_BUILD/DEFAULT/PRODUCTION/BOTON_4    romdata   0x30000b    program   0x000001
.config_30000C_BUILD/DEFAULT/PRODUCTION/BOTON_4    romdata   0x30000c    program   0x000001
.config_30000D_BUILD/DEFAULT/PRODUCTION/BOTON_4    romdata   0x30000d    program   0x000001



                              Program Memory Usage 
                               Start         End      
                           ---------   ---------      
                            0x000000    0x0000ed      
                            0x300000    0x300003      
                            0x300005    0x300006      
                            0x300008    0x30000d      
            250 out of 33048 program addresses used, program memory utilization is 0%



                              Symbols - Sorted by Name
                     Name    Address   Location    Storage File                     
                ---------  ---------  ---------  --------- ---------                
                  APRETAR   0x00002e    program     static C:\Users\shans\MPLABXProjects\Boton_45k50.X\boton_45k50.asm
                 CENTENAS   0x000080    program     static C:\Users\shans\MPLABXProjects\Boton_45k50.X\boton_45k50.asm
                  DECENAS   0x00005e    program     static C:\Users\shans\MPLABXProjects\Boton_45k50.X\boton_45k50.asm
               D_CENTENAS   0x0000d8    program     static C:\Users\shans\MPLABXProjects\Boton_45k50.X\boton_45k50.asm
                D_DECENAS   0x0000c2    program     static C:\Users\shans\MPLABXProjects\Boton_45k50.X\boton_45k50.asm
               D_UNIDADES   0x0000ac    program     static C:\Users\shans\MPLABXProjects\Boton_45k50.X\boton_45k50.asm
                   INICIO   0x000016    program     static C:\Users\shans\MPLABXProjects\Boton_45k50.X\boton_45k50.asm
                  RETARDO   0x0000aa    program     static C:\Users\shans\MPLABXProjects\Boton_45k50.X\boton_45k50.asm
                   SOLTAR   0x00003e    program     static C:\Users\shans\MPLABXProjects\Boton_45k50.X\boton_45k50.asm



                              Symbols - Sorted by Address
                     Name    Address   Location    Storage File                     
                ---------  ---------  ---------  --------- ---------                
                   INICIO   0x000016    program     static C:\Users\shans\MPLABXProjects\Boton_45k50.X\boton_45k50.asm
                  APRETAR   0x00002e    program     static C:\Users\shans\MPLABXProjects\Boton_45k50.X\boton_45k50.asm
                   SOLTAR   0x00003e    program     static C:\Users\shans\MPLABXProjects\Boton_45k50.X\boton_45k50.asm
                  DECENAS   0x00005e    program     static C:\Users\shans\MPLABXProjects\Boton_45k50.X\boton_45k50.asm
                 CENTENAS   0x000080    program     static C:\Users\shans\MPLABXProjects\Boton_45k50.X\boton_45k50.asm
                  RETARDO   0x0000aa    program     static C:\Users\shans\MPLABXProjects\Boton_45k50.X\boton_45k50.asm
               D_UNIDADES   0x0000ac    program     static C:\Users\shans\MPLABXProjects\Boton_45k50.X\boton_45k50.asm
                D_DECENAS   0x0000c2    program     static C:\Users\shans\MPLABXProjects\Boton_45k50.X\boton_45k50.asm
               D_CENTENAS   0x0000d8    program     static C:\Users\shans\MPLABXProjects\Boton_45k50.X\boton_45k50.asm


